C51 COMPILER V9.60.0.0   LCD1602                                                           12/18/2023 16:37:30 PAGE 1   


C51 COMPILER V9.60.0.0, COMPILATION OF MODULE LCD1602
OBJECT MODULE PLACED IN .\Objects\LCD1602.obj
COMPILER INVOKED BY: D:\WorkSoftware\Keil5_C51\C51\BIN\C51.EXE code\LCD1602.c OPTIMIZE(8,SPEED) BROWSE INCDIR(.\code) DE
                    -BUG OBJECTEXTEND PRINT(.\Listings\LCD1602.lst) TABS(2) OBJECT(.\Objects\LCD1602.obj)

line level    source

   1          #include"LCD1602.h"
   2          #include "intrins.h"
   3          
   4          void LCD_WriteCommand(unsigned char Command)
   5          {
   6   1          LCD_RS = 0;
   7   1          LCD_RW = 0;
   8   1          LCD_DataPort = Command;
   9   1          LCD_E  = 1;
  10   1          Delay1ms();
  11   1          LCD_E  = 0;
  12   1          Delay1ms();
  13   1          
  14   1      }
  15          
  16          void LCD_WriteData(unsigned char Data)
  17          {
  18   1          LCD_RS = 1;
  19   1          LCD_RW = 0;
  20   1          LCD_DataPort = Data;
  21   1          LCD_E  = 1;
  22   1          Delay1ms();
  23   1          LCD_E  = 0;
  24   1          Delay1ms();
  25   1          
  26   1      }
  27          
  28          void LCD_Init()
  29          {
  30   1        //LCD_WriteCommand(0x01);//0000 0001 清屏 
  31   1        LCD_WriteCommand(0x38);//0011 1000 数据总线8位 16X2显示 5*7点阵
  32   1        LCD_WriteCommand(0x0c);// 0000 1100 显示开，游标关，闪烁关
  33   1        LCD_WriteCommand(0x06);// 0000 0110 写入数据后光标自动右移 整屏不移动
  34   1        
  35   1      }
  36          
  37          void LCD_SetCursor(unsigned char Line,unsigned char Columu)
  38          {
  39   1        if(Line == 1)
  40   1        {
  41   2          LCD_WriteCommand( 0x80 | (Columu-1) );
  42   2        }
  43   1        else
  44   1        {
  45   2          LCD_WriteCommand( 0x80 | ( Columu-1 )+0x40 );
  46   2        }
  47   1      }
  48          
  49          void LCD_ShowChar(unsigned char Line , unsigned char Columu , unsigned char Char)
  50          {
  51   1          LCD_SetCursor(Line,Columu);
  52   1        
  53   1          LCD_WriteData(Char);
  54   1      }
C51 COMPILER V9.60.0.0   LCD1602                                                           12/18/2023 16:37:30 PAGE 2   

  55          
  56          void LCD_ShowString(unsigned char Line , unsigned char Columu , unsigned char* String)
  57          {
  58   1          unsigned char i = 0;
  59   1        
  60   1          LCD_SetCursor(Line,Columu);
  61   1        
  62   1          for(i=0;String[i] != '\0';i++)
  63   1          {
  64   2              LCD_WriteData(String[i]);
  65   2          }
  66   1      }
  67          
  68          int LCD_Pow(unsigned char x,unsigned char y)
  69          {
  70   1          int result = 1;
  71   1          unsigned char i = 0;
  72   1          
  73   1          for(i=0;i<y;i++)
  74   1          {
  75   2              result *= x;
  76   2          }
  77   1          
  78   1          return result;
  79   1      }
  80          
  81          void LCD_ShowNum(unsigned char Line,unsigned char Columu,unsigned int Num,unsigned int Length)
  82          {
  83   1          unsigned char i = 0;
  84   1          
  85   1          LCD_SetCursor(Line,Columu);
  86   1          
  87   1          for(i=Length;i>0;i--)
  88   1          {
  89   2              LCD_WriteData('0'+Num/LCD_Pow(10,i-1)%10);
  90   2          }
  91   1      }
  92          
  93          void Lcd_Clear(void)
  94          {
  95   1        LCD_WriteCommand(0x01);//0000 0001 清屏 
  96   1      }
  97          


MODULE INFORMATION:   STATIC OVERLAYABLE
   CODE SIZE        =    217    ----
   CONSTANT SIZE    =   ----    ----
   XDATA SIZE       =   ----    ----
   PDATA SIZE       =   ----    ----
   DATA SIZE        =   ----      13
   IDATA SIZE       =   ----    ----
   BIT SIZE         =   ----    ----
END OF MODULE INFORMATION.


C51 COMPILATION COMPLETE.  0 WARNING(S),  0 ERROR(S)
